// Vitest Snapshot v1, https://vitest.dev/guide/snapshot.html

exports[`Initial Submission State Email Snapshot Test > renders a Initial Contracting Waiver Preview Template 1`] = `
{
  "asFragment": [Function],
  "baseElement": <body>
    <div>
      <html
        dir="ltr"
        lang="en"
      >
        <head>
          <meta
            content="text/html; charset=UTF-8"
            http-equiv="Content-Type"
          />
          <meta
            name="x-apple-disable-message-reformatting"
          />
        </head>
        <div
          data-skip-in-text="true"
          style="display: none; overflow: hidden; line-height: 1px; opacity: 0; max-height: 0; max-width: 0;"
        >
          1915(b) Initial Waiver Submitted
          <div>
             ‌​‍‎‏﻿ ‌​‍‎‏﻿ ‌​‍‎‏﻿ ‌​‍‎‏﻿ ‌​‍‎‏﻿ ‌​‍‎‏﻿ ‌​‍‎‏﻿ ‌​‍‎‏﻿ ‌​‍‎‏﻿ ‌​‍‎‏﻿ ‌​‍‎‏﻿ ‌​‍‎‏﻿ ‌​‍‎‏﻿ ‌​‍‎‏﻿ ‌​‍‎‏﻿ ‌​‍‎‏﻿ ‌​‍‎‏﻿ ‌​‍‎‏﻿ ‌​‍‎‏﻿ ‌​‍‎‏﻿ ‌​‍‎‏﻿ ‌​‍‎‏﻿ ‌​‍‎‏﻿ ‌​‍‎‏﻿ ‌​‍‎‏﻿ ‌​‍‎‏﻿ ‌​‍‎‏﻿ ‌​‍‎‏﻿ ‌​‍‎‏﻿ ‌​‍‎‏﻿ ‌​‍‎‏﻿ ‌​‍‎‏﻿ ‌​‍‎‏﻿ ‌​‍‎‏﻿ ‌​‍‎‏﻿ ‌​‍‎‏﻿ ‌​‍‎‏﻿ ‌​‍‎‏﻿ ‌​‍‎‏﻿ ‌​‍‎‏﻿ ‌​‍‎‏﻿ ‌​‍‎‏﻿ ‌​‍‎‏﻿ ‌​‍‎‏﻿ ‌​‍‎‏﻿ ‌​‍‎‏﻿ ‌​‍‎‏﻿ ‌​‍‎‏﻿ ‌​‍‎‏﻿ ‌​‍‎‏﻿ ‌​‍‎‏﻿ ‌​‍‎‏﻿ ‌​‍‎‏﻿ ‌​‍‎‏﻿ ‌​‍‎‏﻿ ‌​‍‎‏﻿ ‌​‍‎‏﻿ ‌​‍‎‏﻿ ‌​‍‎‏﻿ ‌​‍‎‏﻿ ‌​‍‎‏﻿ ‌​‍‎‏﻿ ‌​‍‎‏﻿ ‌​‍‎‏﻿ ‌​‍‎‏﻿ ‌​‍‎‏﻿ ‌​‍‎‏﻿ ‌​‍‎‏﻿ ‌​‍‎‏﻿ ‌​‍‎‏﻿ ‌​‍‎‏﻿ ‌​‍‎‏﻿ ‌​‍‎‏﻿ ‌​‍‎‏﻿ ‌​‍‎‏﻿ ‌​‍‎‏﻿ ‌​‍‎‏﻿ ‌​‍‎‏﻿ ‌​‍‎‏﻿ ‌​‍‎‏﻿ ‌​‍‎‏﻿ ‌​‍‎‏﻿ ‌​‍‎‏﻿ ‌​‍‎‏﻿ ‌​‍‎‏﻿ ‌​‍‎‏﻿ ‌​‍‎‏﻿ ‌​‍‎‏﻿ ‌​‍‎‏﻿ ‌​‍‎‏﻿ ‌​‍‎‏﻿ ‌​‍‎‏﻿ ‌​‍‎‏﻿ ‌​‍‎‏﻿ ‌​‍‎‏﻿ ‌​‍‎‏﻿ ‌​‍‎‏﻿ ‌​‍‎‏﻿ ‌​‍‎‏﻿ ‌​‍‎‏﻿ ‌​‍‎‏﻿ ‌​‍‎‏﻿ ‌​‍‎‏﻿ ‌​‍‎‏﻿ ‌​‍‎‏﻿ ‌​‍‎‏﻿ ‌​‍‎‏﻿ ‌​‍‎‏﻿ ‌​‍‎‏﻿ ‌​‍‎‏﻿ ‌​‍‎‏﻿ ‌​‍‎‏﻿ ‌​‍‎‏﻿ ‌​‍‎‏﻿ ‌​‍‎‏﻿ ‌​‍‎‏﻿ ‌​‍‎‏﻿ ‌​‍‎‏﻿
          </div>
        </div>
        <body
          style="background-color: rgb(255, 255, 255); margin: 0px;"
        >
          <table
            align="center"
            border="0"
            cellpadding="0"
            cellspacing="0"
            role="presentation"
            width="100%"
          >
            <tbody>
              <tr>
                <td
                  style="background-color: rgb(255, 255, 255); color: rgb(33, 33, 33); font-family: -apple-system, BlinkMacSystemFont, 'Segoe UI', 'Roboto', 'Oxygen', 'Ubuntu', 'Cantarell', 'Fira Sans', 'Droid Sans', 'Helvetica Neue', sans-serif; margin: 0px auto; padding: 20px 0px 48px;"
                >
                  <table
                    align="center"
                    border="0"
                    cellpadding="0"
                    cellspacing="0"
                    role="presentation"
                    style="max-width: 37.5em; background-color: rgb(245, 245, 245);"
                    width="100%"
                  >
                    <tbody>
                      <tr
                        style="width: 100%;"
                      >
                        <td>
                          <table
                            align="center"
                            border="0"
                            cellpadding="0"
                            cellspacing="0"
                            role="presentation"
                            style="background-color: rgb(0, 113, 189); padding: 16px;"
                            width="100%"
                          >
                            <tbody>
                              <tr>
                                <td>
                                  <a
                                    href="https://mako-dev.cms.gov/"
                                    style="color: rgb(6, 125, 247); text-decoration-line: none; display: block; max-width: 112px;"
                                    target="_blank"
                                  >
                                    <img
                                      alt="OneMAC Logo"
                                      height="40"
                                      src="https://mako-dev.cms.gov/onemac-logo.png"
                                      style="max-width: 112px;"
                                      width="112"
                                    />
                                  </a>
                                </td>
                              </tr>
                            </tbody>
                          </table>
                          <div
                            style="margin: 0px 8px 8px 8px; padding: 8px;"
                          >
                            <h1
                              style="color: rgb(51, 51, 51); font-size: 20px; font-weight: bold; margin-bottom: 15px;"
                            >
                              This response confirms the submission of your 1915(b) Initial Waiver to CMS for review:
                            </h1>
                            <table
                              align="center"
                              border="0"
                              cellpadding="0"
                              cellspacing="0"
                              role="presentation"
                              width="100%"
                            >
                              <tbody>
                                <tr>
                                  <td>
                                    <table
                                      align="center"
                                      border="0"
                                      cellpadding="0"
                                      cellspacing="0"
                                      role="presentation"
                                      width="100%"
                                    >
                                      <tbody
                                        style="width: 100%;"
                                      >
                                        <tr
                                          style="width: 100%;"
                                        >
                                          <td
                                            align="left"
                                            data-id="__react-email-column"
                                            style="width: 50%;"
                                          >
                                            <p
                                              style="font-size: 14px; line-height: 1.4; font-weight: 600; letter-spacing: -0.5px; margin-bottom: 4px; margin-top: 4px;"
                                            >
                                              State or Territory
                                              :
                                            </p>
                                          </td>
                                          <td
                                            data-id="__react-email-column"
                                          >
                                            <p
                                              style="font-size: 14px; line-height: 1.4; color: rgb(51, 51, 51); margin-bottom: 4px; margin-top: 4px;"
                                            >
                                              CO
                                            </p>
                                          </td>
                                        </tr>
                                      </tbody>
                                    </table>
                                    <table
                                      align="center"
                                      border="0"
                                      cellpadding="0"
                                      cellspacing="0"
                                      role="presentation"
                                      width="100%"
                                    >
                                      <tbody
                                        style="width: 100%;"
                                      >
                                        <tr
                                          style="width: 100%;"
                                        >
                                          <td
                                            align="left"
                                            data-id="__react-email-column"
                                            style="width: 50%;"
                                          >
                                            <p
                                              style="font-size: 14px; line-height: 1.4; font-weight: 600; letter-spacing: -0.5px; margin-bottom: 4px; margin-top: 4px;"
                                            >
                                              Name
                                              :
                                            </p>
                                          </td>
                                          <td
                                            data-id="__react-email-column"
                                          >
                                            <p
                                              style="font-size: 14px; line-height: 1.4; color: rgb(51, 51, 51); margin-bottom: 4px; margin-top: 4px;"
                                            >
                                              George Harrison
                                            </p>
                                          </td>
                                        </tr>
                                      </tbody>
                                    </table>
                                    <table
                                      align="center"
                                      border="0"
                                      cellpadding="0"
                                      cellspacing="0"
                                      role="presentation"
                                      width="100%"
                                    >
                                      <tbody
                                        style="width: 100%;"
                                      >
                                        <tr
                                          style="width: 100%;"
                                        >
                                          <td
                                            align="left"
                                            data-id="__react-email-column"
                                            style="width: 50%;"
                                          >
                                            <p
                                              style="font-size: 14px; line-height: 1.4; font-weight: 600; letter-spacing: -0.5px; margin-bottom: 4px; margin-top: 4px;"
                                            >
                                              Email Address
                                              :
                                            </p>
                                          </td>
                                          <td
                                            data-id="__react-email-column"
                                          >
                                            <p
                                              style="font-size: 14px; line-height: 1.4; color: rgb(51, 51, 51); margin-bottom: 4px; margin-top: 4px;"
                                            >
                                              george@example.com
                                            </p>
                                          </td>
                                        </tr>
                                      </tbody>
                                    </table>
                                    <table
                                      align="center"
                                      border="0"
                                      cellpadding="0"
                                      cellspacing="0"
                                      role="presentation"
                                      width="100%"
                                    >
                                      <tbody
                                        style="width: 100%;"
                                      >
                                        <tr
                                          style="width: 100%;"
                                        >
                                          <td
                                            align="left"
                                            data-id="__react-email-column"
                                            style="width: 50%;"
                                          >
                                            <p
                                              style="font-size: 14px; line-height: 1.4; font-weight: 600; letter-spacing: -0.5px; margin-bottom: 4px; margin-top: 4px;"
                                            >
                                              Initial Waiver Number
                                              :
                                            </p>
                                          </td>
                                          <td
                                            data-id="__react-email-column"
                                          >
                                            <p
                                              style="font-size: 14px; line-height: 1.4; color: rgb(51, 51, 51); margin-bottom: 4px; margin-top: 4px;"
                                            >
                                              CO-9987.R21.00
                                            </p>
                                          </td>
                                        </tr>
                                      </tbody>
                                    </table>
                                    <table
                                      align="center"
                                      border="0"
                                      cellpadding="0"
                                      cellspacing="0"
                                      role="presentation"
                                      width="100%"
                                    >
                                      <tbody
                                        style="width: 100%;"
                                      >
                                        <tr
                                          style="width: 100%;"
                                        >
                                          <td
                                            align="left"
                                            data-id="__react-email-column"
                                            style="width: 50%;"
                                          >
                                            <p
                                              style="font-size: 14px; line-height: 1.4; font-weight: 600; letter-spacing: -0.5px; margin-bottom: 4px; margin-top: 4px;"
                                            >
                                              Waiver Authority
                                              :
                                            </p>
                                          </td>
                                          <td
                                            data-id="__react-email-column"
                                          >
                                            <p
                                              style="font-size: 14px; line-height: 1.4; color: rgb(51, 51, 51); margin-bottom: 4px; margin-top: 4px;"
                                            >
                                              1915(b)
                                            </p>
                                          </td>
                                        </tr>
                                      </tbody>
                                    </table>
                                    <table
                                      align="center"
                                      border="0"
                                      cellpadding="0"
                                      cellspacing="0"
                                      role="presentation"
                                      width="100%"
                                    >
                                      <tbody
                                        style="width: 100%;"
                                      >
                                        <tr
                                          style="width: 100%;"
                                        >
                                          <td
                                            align="left"
                                            data-id="__react-email-column"
                                            style="width: 50%;"
                                          >
                                            <p
                                              style="font-size: 14px; line-height: 1.4; font-weight: 600; letter-spacing: -0.5px; margin-bottom: 4px; margin-top: 4px;"
                                            >
                                              Proposed Effective Date
                                              :
                                            </p>
                                          </td>
                                          <td
                                            data-id="__react-email-column"
                                          >
                                            <p
                                              style="font-size: 14px; line-height: 1.4; color: rgb(51, 51, 51); margin-bottom: 4px; margin-top: 4px;"
                                            >
                                              March 2, 2023
                                            </p>
                                          </td>
                                        </tr>
                                      </tbody>
                                    </table>
                                    <table
                                      align="center"
                                      border="0"
                                      cellpadding="0"
                                      cellspacing="0"
                                      role="presentation"
                                      width="100%"
                                    >
                                      <tbody
                                        style="width: 100%;"
                                      >
                                        <tr
                                          style="width: 100%;"
                                        >
                                          <td
                                            align="left"
                                            data-id="__react-email-column"
                                            style="width: 50%;"
                                          >
                                            <p
                                              style="font-size: 14px; line-height: 1.4; font-weight: 600; letter-spacing: -0.5px; margin-bottom: 4px; margin-top: 4px;"
                                            >
                                              90th Day Deadline
                                              :
                                            </p>
                                          </td>
                                          <td
                                            data-id="__react-email-column"
                                          >
                                            <p
                                              style="font-size: 14px; line-height: 1.4; color: rgb(51, 51, 51); margin-bottom: 4px; margin-top: 4px;"
                                            >
                                              Apr 1, 2023
                                            </p>
                                          </td>
                                        </tr>
                                      </tbody>
                                    </table>
                                    <table
                                      align="center"
                                      border="0"
                                      cellpadding="0"
                                      cellspacing="0"
                                      role="presentation"
                                      width="100%"
                                    >
                                      <tbody
                                        style="width: 100%;"
                                      >
                                        <tr
                                          style="width: 100%;"
                                        >
                                          <hr
                                            style="width: 100%; border-top: 1px solid #0071BD; margin: 16px 0px;"
                                          />
                                          <p
                                            style="font-size: 14px; line-height: 24px; margin: .5em .5em .5em .5em;"
                                          >
                                            <h2
                                              style="font-size: 16px;"
                                            >
                                              Summary:
                                            </h2>
                                          </p>
                                          <p
                                            style="font-size: 14px; line-height: 1.4; color: rgb(51, 51, 51); margin: 12px 0px 12px 0px;"
                                          >
                                            This is text
                                            <br />
                                            <br />
                                            <br />
                                            with a bunch of b/n linebreaks
                                            <br />
                                            <br />
                                            <br />
                                            <br />
                                            <br />
                                            <br />
                                            <br />
                                            <br />
                                             to test that linebreaks get converted to &lt;br&gt; elements
                                          </p>
                                        </tr>
                                      </tbody>
                                    </table>
                                  </td>
                                </tr>
                              </tbody>
                            </table>
                            <p
                              style="font-size: 14px; line-height: 1.4; color: rgb(51, 51, 51); margin: 16px 0px 12px 0px;"
                            >
                              This response confirms the receipt of your Waiver request or your response to a Waiver Request for Additional Information (RAI). You
              can expect a formal response to your submittal to be issued within
              90 days, before
              Apr 1, 2023
              .
                            </p>
                            <p
                              style="font-size: 14px; line-height: 1.4; color: rgb(51, 51, 51); margin-bottom: 16px; margin-top: 16px;"
                            >
                              This mailbox is for the submittal of Section 1915(b) and 1915(c) Waivers, responses to Requests for Additional Information (RAI) on Waivers, and extension requests on Waivers only.
                               Any other correspondence will be disregarded.
                            </p>
                            <hr
                              style="width: 100%; border-top: 1px solid #0071BD; margin: 16px 0px;"
                            />
                            <table
                              align="center"
                              border="0"
                              cellpadding="0"
                              cellspacing="0"
                              role="presentation"
                              width="100%"
                            >
                              <tbody>
                                <tr>
                                  <td>
                                    <p
                                      style="font-size: 14px; line-height: 24px; margin-top: 8px; margin-bottom: 16px;"
                                    >
                                      If you have any questions, please contact 
                                      <a
                                        href="mailto:spa@cms.hhs.gov"
                                        style="color: rgb(6, 125, 247); text-decoration-line: none; text-decoration: underline;"
                                        target="_blank"
                                      >
                                        spa@cms.hhs.gov
                                      </a>
                                       or your state lead.
                                    </p>
                                  </td>
                                </tr>
                              </tbody>
                            </table>
                            <p
                              style="font-size: 14px; line-height: 1.4; color: rgb(51, 51, 51); margin: 12px 0px 12px 0px;"
                            >
                              Thank you.
                            </p>
                          </div>
                          <table
                            align="center"
                            border="0"
                            cellpadding="0"
                            cellspacing="0"
                            role="presentation"
                            style="font-size: 14px; padding: 0px 0px; font-weight: 300; background-color: rgb(0, 113, 189); color: rgb(255, 255, 255); text-align: center;"
                            width="100%"
                          >
                            <tbody>
                              <tr>
                                <td>
                                  <table
                                    align="center"
                                    border="0"
                                    cellpadding="0"
                                    cellspacing="0"
                                    role="presentation"
                                    style="font-size: 14px; padding: 0px 0px; font-weight: 300; background-color: rgb(0, 113, 189); color: rgb(255, 255, 255); text-align: center;"
                                    width="100%"
                                  >
                                    <tbody>
                                      <tr>
                                        <td>
                                          <p
                                            style="font-size: 14px; line-height: 24px; color: rgb(255, 255, 255); margin: 8px 8px 8px 8px;"
                                          >
                                            U.S. Centers for Medicare & Medicaid Services
                                          </p>
                                          <p
                                            style="font-size: 14px; line-height: 24px; color: rgb(255, 255, 255); margin: 8px 8px 8px 8px;"
                                          >
                                            © 
                                            2023
                                             | 7500 Security Boulevard, Baltimore, MD 21244
                                          </p>
                                        </td>
                                      </tr>
                                    </tbody>
                                  </table>
                                </td>
                              </tr>
                            </tbody>
                          </table>
                        </td>
                      </tr>
                    </tbody>
                  </table>
                </td>
              </tr>
            </tbody>
          </table>
        </body>
      </html>
    </div>
  </body>,
  "container": <div>
    <html
      dir="ltr"
      lang="en"
    >
      <head>
        <meta
          content="text/html; charset=UTF-8"
          http-equiv="Content-Type"
        />
        <meta
          name="x-apple-disable-message-reformatting"
        />
      </head>
      <div
        data-skip-in-text="true"
        style="display: none; overflow: hidden; line-height: 1px; opacity: 0; max-height: 0; max-width: 0;"
      >
        1915(b) Initial Waiver Submitted
        <div>
           ‌​‍‎‏﻿ ‌​‍‎‏﻿ ‌​‍‎‏﻿ ‌​‍‎‏﻿ ‌​‍‎‏﻿ ‌​‍‎‏﻿ ‌​‍‎‏﻿ ‌​‍‎‏﻿ ‌​‍‎‏﻿ ‌​‍‎‏﻿ ‌​‍‎‏﻿ ‌​‍‎‏﻿ ‌​‍‎‏﻿ ‌​‍‎‏﻿ ‌​‍‎‏﻿ ‌​‍‎‏﻿ ‌​‍‎‏﻿ ‌​‍‎‏﻿ ‌​‍‎‏﻿ ‌​‍‎‏﻿ ‌​‍‎‏﻿ ‌​‍‎‏﻿ ‌​‍‎‏﻿ ‌​‍‎‏﻿ ‌​‍‎‏﻿ ‌​‍‎‏﻿ ‌​‍‎‏﻿ ‌​‍‎‏﻿ ‌​‍‎‏﻿ ‌​‍‎‏﻿ ‌​‍‎‏﻿ ‌​‍‎‏﻿ ‌​‍‎‏﻿ ‌​‍‎‏﻿ ‌​‍‎‏﻿ ‌​‍‎‏﻿ ‌​‍‎‏﻿ ‌​‍‎‏﻿ ‌​‍‎‏﻿ ‌​‍‎‏﻿ ‌​‍‎‏﻿ ‌​‍‎‏﻿ ‌​‍‎‏﻿ ‌​‍‎‏﻿ ‌​‍‎‏﻿ ‌​‍‎‏﻿ ‌​‍‎‏﻿ ‌​‍‎‏﻿ ‌​‍‎‏﻿ ‌​‍‎‏﻿ ‌​‍‎‏﻿ ‌​‍‎‏﻿ ‌​‍‎‏﻿ ‌​‍‎‏﻿ ‌​‍‎‏﻿ ‌​‍‎‏﻿ ‌​‍‎‏﻿ ‌​‍‎‏﻿ ‌​‍‎‏﻿ ‌​‍‎‏﻿ ‌​‍‎‏﻿ ‌​‍‎‏﻿ ‌​‍‎‏﻿ ‌​‍‎‏﻿ ‌​‍‎‏﻿ ‌​‍‎‏﻿ ‌​‍‎‏﻿ ‌​‍‎‏﻿ ‌​‍‎‏﻿ ‌​‍‎‏﻿ ‌​‍‎‏﻿ ‌​‍‎‏﻿ ‌​‍‎‏﻿ ‌​‍‎‏﻿ ‌​‍‎‏﻿ ‌​‍‎‏﻿ ‌​‍‎‏﻿ ‌​‍‎‏﻿ ‌​‍‎‏﻿ ‌​‍‎‏﻿ ‌​‍‎‏﻿ ‌​‍‎‏﻿ ‌​‍‎‏﻿ ‌​‍‎‏﻿ ‌​‍‎‏﻿ ‌​‍‎‏﻿ ‌​‍‎‏﻿ ‌​‍‎‏﻿ ‌​‍‎‏﻿ ‌​‍‎‏﻿ ‌​‍‎‏﻿ ‌​‍‎‏﻿ ‌​‍‎‏﻿ ‌​‍‎‏﻿ ‌​‍‎‏﻿ ‌​‍‎‏﻿ ‌​‍‎‏﻿ ‌​‍‎‏﻿ ‌​‍‎‏﻿ ‌​‍‎‏﻿ ‌​‍‎‏﻿ ‌​‍‎‏﻿ ‌​‍‎‏﻿ ‌​‍‎‏﻿ ‌​‍‎‏﻿ ‌​‍‎‏﻿ ‌​‍‎‏﻿ ‌​‍‎‏﻿ ‌​‍‎‏﻿ ‌​‍‎‏﻿ ‌​‍‎‏﻿ ‌​‍‎‏﻿ ‌​‍‎‏﻿ ‌​‍‎‏﻿ ‌​‍‎‏﻿ ‌​‍‎‏﻿ ‌​‍‎‏﻿ ‌​‍‎‏﻿
        </div>
      </div>
      <body
        style="background-color: rgb(255, 255, 255); margin: 0px;"
      >
        <table
          align="center"
          border="0"
          cellpadding="0"
          cellspacing="0"
          role="presentation"
          width="100%"
        >
          <tbody>
            <tr>
              <td
                style="background-color: rgb(255, 255, 255); color: rgb(33, 33, 33); font-family: -apple-system, BlinkMacSystemFont, 'Segoe UI', 'Roboto', 'Oxygen', 'Ubuntu', 'Cantarell', 'Fira Sans', 'Droid Sans', 'Helvetica Neue', sans-serif; margin: 0px auto; padding: 20px 0px 48px;"
              >
                <table
                  align="center"
                  border="0"
                  cellpadding="0"
                  cellspacing="0"
                  role="presentation"
                  style="max-width: 37.5em; background-color: rgb(245, 245, 245);"
                  width="100%"
                >
                  <tbody>
                    <tr
                      style="width: 100%;"
                    >
                      <td>
                        <table
                          align="center"
                          border="0"
                          cellpadding="0"
                          cellspacing="0"
                          role="presentation"
                          style="background-color: rgb(0, 113, 189); padding: 16px;"
                          width="100%"
                        >
                          <tbody>
                            <tr>
                              <td>
                                <a
                                  href="https://mako-dev.cms.gov/"
                                  style="color: rgb(6, 125, 247); text-decoration-line: none; display: block; max-width: 112px;"
                                  target="_blank"
                                >
                                  <img
                                    alt="OneMAC Logo"
                                    height="40"
                                    src="https://mako-dev.cms.gov/onemac-logo.png"
                                    style="max-width: 112px;"
                                    width="112"
                                  />
                                </a>
                              </td>
                            </tr>
                          </tbody>
                        </table>
                        <div
                          style="margin: 0px 8px 8px 8px; padding: 8px;"
                        >
                          <h1
                            style="color: rgb(51, 51, 51); font-size: 20px; font-weight: bold; margin-bottom: 15px;"
                          >
                            This response confirms the submission of your 1915(b) Initial Waiver to CMS for review:
                          </h1>
                          <table
                            align="center"
                            border="0"
                            cellpadding="0"
                            cellspacing="0"
                            role="presentation"
                            width="100%"
                          >
                            <tbody>
                              <tr>
                                <td>
                                  <table
                                    align="center"
                                    border="0"
                                    cellpadding="0"
                                    cellspacing="0"
                                    role="presentation"
                                    width="100%"
                                  >
                                    <tbody
                                      style="width: 100%;"
                                    >
                                      <tr
                                        style="width: 100%;"
                                      >
                                        <td
                                          align="left"
                                          data-id="__react-email-column"
                                          style="width: 50%;"
                                        >
                                          <p
                                            style="font-size: 14px; line-height: 1.4; font-weight: 600; letter-spacing: -0.5px; margin-bottom: 4px; margin-top: 4px;"
                                          >
                                            State or Territory
                                            :
                                          </p>
                                        </td>
                                        <td
                                          data-id="__react-email-column"
                                        >
                                          <p
                                            style="font-size: 14px; line-height: 1.4; color: rgb(51, 51, 51); margin-bottom: 4px; margin-top: 4px;"
                                          >
                                            CO
                                          </p>
                                        </td>
                                      </tr>
                                    </tbody>
                                  </table>
                                  <table
                                    align="center"
                                    border="0"
                                    cellpadding="0"
                                    cellspacing="0"
                                    role="presentation"
                                    width="100%"
                                  >
                                    <tbody
                                      style="width: 100%;"
                                    >
                                      <tr
                                        style="width: 100%;"
                                      >
                                        <td
                                          align="left"
                                          data-id="__react-email-column"
                                          style="width: 50%;"
                                        >
                                          <p
                                            style="font-size: 14px; line-height: 1.4; font-weight: 600; letter-spacing: -0.5px; margin-bottom: 4px; margin-top: 4px;"
                                          >
                                            Name
                                            :
                                          </p>
                                        </td>
                                        <td
                                          data-id="__react-email-column"
                                        >
                                          <p
                                            style="font-size: 14px; line-height: 1.4; color: rgb(51, 51, 51); margin-bottom: 4px; margin-top: 4px;"
                                          >
                                            George Harrison
                                          </p>
                                        </td>
                                      </tr>
                                    </tbody>
                                  </table>
                                  <table
                                    align="center"
                                    border="0"
                                    cellpadding="0"
                                    cellspacing="0"
                                    role="presentation"
                                    width="100%"
                                  >
                                    <tbody
                                      style="width: 100%;"
                                    >
                                      <tr
                                        style="width: 100%;"
                                      >
                                        <td
                                          align="left"
                                          data-id="__react-email-column"
                                          style="width: 50%;"
                                        >
                                          <p
                                            style="font-size: 14px; line-height: 1.4; font-weight: 600; letter-spacing: -0.5px; margin-bottom: 4px; margin-top: 4px;"
                                          >
                                            Email Address
                                            :
                                          </p>
                                        </td>
                                        <td
                                          data-id="__react-email-column"
                                        >
                                          <p
                                            style="font-size: 14px; line-height: 1.4; color: rgb(51, 51, 51); margin-bottom: 4px; margin-top: 4px;"
                                          >
                                            george@example.com
                                          </p>
                                        </td>
                                      </tr>
                                    </tbody>
                                  </table>
                                  <table
                                    align="center"
                                    border="0"
                                    cellpadding="0"
                                    cellspacing="0"
                                    role="presentation"
                                    width="100%"
                                  >
                                    <tbody
                                      style="width: 100%;"
                                    >
                                      <tr
                                        style="width: 100%;"
                                      >
                                        <td
                                          align="left"
                                          data-id="__react-email-column"
                                          style="width: 50%;"
                                        >
                                          <p
                                            style="font-size: 14px; line-height: 1.4; font-weight: 600; letter-spacing: -0.5px; margin-bottom: 4px; margin-top: 4px;"
                                          >
                                            Initial Waiver Number
                                            :
                                          </p>
                                        </td>
                                        <td
                                          data-id="__react-email-column"
                                        >
                                          <p
                                            style="font-size: 14px; line-height: 1.4; color: rgb(51, 51, 51); margin-bottom: 4px; margin-top: 4px;"
                                          >
                                            CO-9987.R21.00
                                          </p>
                                        </td>
                                      </tr>
                                    </tbody>
                                  </table>
                                  <table
                                    align="center"
                                    border="0"
                                    cellpadding="0"
                                    cellspacing="0"
                                    role="presentation"
                                    width="100%"
                                  >
                                    <tbody
                                      style="width: 100%;"
                                    >
                                      <tr
                                        style="width: 100%;"
                                      >
                                        <td
                                          align="left"
                                          data-id="__react-email-column"
                                          style="width: 50%;"
                                        >
                                          <p
                                            style="font-size: 14px; line-height: 1.4; font-weight: 600; letter-spacing: -0.5px; margin-bottom: 4px; margin-top: 4px;"
                                          >
                                            Waiver Authority
                                            :
                                          </p>
                                        </td>
                                        <td
                                          data-id="__react-email-column"
                                        >
                                          <p
                                            style="font-size: 14px; line-height: 1.4; color: rgb(51, 51, 51); margin-bottom: 4px; margin-top: 4px;"
                                          >
                                            1915(b)
                                          </p>
                                        </td>
                                      </tr>
                                    </tbody>
                                  </table>
                                  <table
                                    align="center"
                                    border="0"
                                    cellpadding="0"
                                    cellspacing="0"
                                    role="presentation"
                                    width="100%"
                                  >
                                    <tbody
                                      style="width: 100%;"
                                    >
                                      <tr
                                        style="width: 100%;"
                                      >
                                        <td
                                          align="left"
                                          data-id="__react-email-column"
                                          style="width: 50%;"
                                        >
                                          <p
                                            style="font-size: 14px; line-height: 1.4; font-weight: 600; letter-spacing: -0.5px; margin-bottom: 4px; margin-top: 4px;"
                                          >
                                            Proposed Effective Date
                                            :
                                          </p>
                                        </td>
                                        <td
                                          data-id="__react-email-column"
                                        >
                                          <p
                                            style="font-size: 14px; line-height: 1.4; color: rgb(51, 51, 51); margin-bottom: 4px; margin-top: 4px;"
                                          >
                                            March 2, 2023
                                          </p>
                                        </td>
                                      </tr>
                                    </tbody>
                                  </table>
                                  <table
                                    align="center"
                                    border="0"
                                    cellpadding="0"
                                    cellspacing="0"
                                    role="presentation"
                                    width="100%"
                                  >
                                    <tbody
                                      style="width: 100%;"
                                    >
                                      <tr
                                        style="width: 100%;"
                                      >
                                        <td
                                          align="left"
                                          data-id="__react-email-column"
                                          style="width: 50%;"
                                        >
                                          <p
                                            style="font-size: 14px; line-height: 1.4; font-weight: 600; letter-spacing: -0.5px; margin-bottom: 4px; margin-top: 4px;"
                                          >
                                            90th Day Deadline
                                            :
                                          </p>
                                        </td>
                                        <td
                                          data-id="__react-email-column"
                                        >
                                          <p
                                            style="font-size: 14px; line-height: 1.4; color: rgb(51, 51, 51); margin-bottom: 4px; margin-top: 4px;"
                                          >
                                            Apr 1, 2023
                                          </p>
                                        </td>
                                      </tr>
                                    </tbody>
                                  </table>
                                  <table
                                    align="center"
                                    border="0"
                                    cellpadding="0"
                                    cellspacing="0"
                                    role="presentation"
                                    width="100%"
                                  >
                                    <tbody
                                      style="width: 100%;"
                                    >
                                      <tr
                                        style="width: 100%;"
                                      >
                                        <hr
                                          style="width: 100%; border-top: 1px solid #0071BD; margin: 16px 0px;"
                                        />
                                        <p
                                          style="font-size: 14px; line-height: 24px; margin: .5em .5em .5em .5em;"
                                        >
                                          <h2
                                            style="font-size: 16px;"
                                          >
                                            Summary:
                                          </h2>
                                        </p>
                                        <p
                                          style="font-size: 14px; line-height: 1.4; color: rgb(51, 51, 51); margin: 12px 0px 12px 0px;"
                                        >
                                          This is text
                                          <br />
                                          <br />
                                          <br />
                                          with a bunch of b/n linebreaks
                                          <br />
                                          <br />
                                          <br />
                                          <br />
                                          <br />
                                          <br />
                                          <br />
                                          <br />
                                           to test that linebreaks get converted to &lt;br&gt; elements
                                        </p>
                                      </tr>
                                    </tbody>
                                  </table>
                                </td>
                              </tr>
                            </tbody>
                          </table>
                          <p
                            style="font-size: 14px; line-height: 1.4; color: rgb(51, 51, 51); margin: 16px 0px 12px 0px;"
                          >
                            This response confirms the receipt of your Waiver request or your response to a Waiver Request for Additional Information (RAI). You
              can expect a formal response to your submittal to be issued within
              90 days, before
              Apr 1, 2023
              .
                          </p>
                          <p
                            style="font-size: 14px; line-height: 1.4; color: rgb(51, 51, 51); margin-bottom: 16px; margin-top: 16px;"
                          >
                            This mailbox is for the submittal of Section 1915(b) and 1915(c) Waivers, responses to Requests for Additional Information (RAI) on Waivers, and extension requests on Waivers only.
                             Any other correspondence will be disregarded.
                          </p>
                          <hr
                            style="width: 100%; border-top: 1px solid #0071BD; margin: 16px 0px;"
                          />
                          <table
                            align="center"
                            border="0"
                            cellpadding="0"
                            cellspacing="0"
                            role="presentation"
                            width="100%"
                          >
                            <tbody>
                              <tr>
                                <td>
                                  <p
                                    style="font-size: 14px; line-height: 24px; margin-top: 8px; margin-bottom: 16px;"
                                  >
                                    If you have any questions, please contact 
                                    <a
                                      href="mailto:spa@cms.hhs.gov"
                                      style="color: rgb(6, 125, 247); text-decoration-line: none; text-decoration: underline;"
                                      target="_blank"
                                    >
                                      spa@cms.hhs.gov
                                    </a>
                                     or your state lead.
                                  </p>
                                </td>
                              </tr>
                            </tbody>
                          </table>
                          <p
                            style="font-size: 14px; line-height: 1.4; color: rgb(51, 51, 51); margin: 12px 0px 12px 0px;"
                          >
                            Thank you.
                          </p>
                        </div>
                        <table
                          align="center"
                          border="0"
                          cellpadding="0"
                          cellspacing="0"
                          role="presentation"
                          style="font-size: 14px; padding: 0px 0px; font-weight: 300; background-color: rgb(0, 113, 189); color: rgb(255, 255, 255); text-align: center;"
                          width="100%"
                        >
                          <tbody>
                            <tr>
                              <td>
                                <table
                                  align="center"
                                  border="0"
                                  cellpadding="0"
                                  cellspacing="0"
                                  role="presentation"
                                  style="font-size: 14px; padding: 0px 0px; font-weight: 300; background-color: rgb(0, 113, 189); color: rgb(255, 255, 255); text-align: center;"
                                  width="100%"
                                >
                                  <tbody>
                                    <tr>
                                      <td>
                                        <p
                                          style="font-size: 14px; line-height: 24px; color: rgb(255, 255, 255); margin: 8px 8px 8px 8px;"
                                        >
                                          U.S. Centers for Medicare & Medicaid Services
                                        </p>
                                        <p
                                          style="font-size: 14px; line-height: 24px; color: rgb(255, 255, 255); margin: 8px 8px 8px 8px;"
                                        >
                                          © 
                                          2023
                                           | 7500 Security Boulevard, Baltimore, MD 21244
                                        </p>
                                      </td>
                                    </tr>
                                  </tbody>
                                </table>
                              </td>
                            </tr>
                          </tbody>
                        </table>
                      </td>
                    </tr>
                  </tbody>
                </table>
              </td>
            </tr>
          </tbody>
        </table>
      </body>
    </html>
  </div>,
  "debug": [Function],
  "findAllByAltText": [Function],
  "findAllByDisplayValue": [Function],
  "findAllByLabelText": [Function],
  "findAllByPlaceholderText": [Function],
  "findAllByRole": [Function],
  "findAllByTestId": [Function],
  "findAllByText": [Function],
  "findAllByTitle": [Function],
  "findByAltText": [Function],
  "findByDisplayValue": [Function],
  "findByLabelText": [Function],
  "findByPlaceholderText": [Function],
  "findByRole": [Function],
  "findByTestId": [Function],
  "findByText": [Function],
  "findByTitle": [Function],
  "getAllByAltText": [Function],
  "getAllByDisplayValue": [Function],
  "getAllByLabelText": [Function],
  "getAllByPlaceholderText": [Function],
  "getAllByRole": [Function],
  "getAllByTestId": [Function],
  "getAllByText": [Function],
  "getAllByTitle": [Function],
  "getByAltText": [Function],
  "getByDisplayValue": [Function],
  "getByLabelText": [Function],
  "getByPlaceholderText": [Function],
  "getByRole": [Function],
  "getByTestId": [Function],
  "getByText": [Function],
  "getByTitle": [Function],
  "queryAllByAltText": [Function],
  "queryAllByDisplayValue": [Function],
  "queryAllByLabelText": [Function],
  "queryAllByPlaceholderText": [Function],
  "queryAllByRole": [Function],
  "queryAllByTestId": [Function],
  "queryAllByText": [Function],
  "queryAllByTitle": [Function],
  "queryByAltText": [Function],
  "queryByDisplayValue": [Function],
  "queryByLabelText": [Function],
  "queryByPlaceholderText": [Function],
  "queryByRole": [Function],
  "queryByTestId": [Function],
  "queryByText": [Function],
  "queryByTitle": [Function],
  "rerender": [Function],
  "unmount": [Function],
}
`;
