{
  "version": "1.0",
  "exclude": [
    "lib/deployment-config.ts"
  ],
  "plugins": [
    {
      "name": "Base64HighEntropyString",
      "base64_limit": 4.5
    },
    {
      "name": "HexHighEntropyString",
      "hex_limit": 3.0
    },
    {
      "name": "PrivateKeyDetector"
    },
    {
      "name": "KeywordDetector"
    }
  ],
  "results": {}
}