// Vitest Snapshot v1, https://vitest.dev/guide/snapshot.html

exports[`Access Pending Notice Email Snapshot Test > renders a AppkCMSEmail Preview Template 1`] = `
<DocumentFragment>
  <meta
    content=text/html; charset=UTF-8
    http-equiv=Content-Type
  />
  <meta
    name=x-apple-disable-message-reformatting
  />
  <div
    style=display: none; overflow: hidden; line-height: 1px; opacity: 0; max-height: 0; max-width: 0;
  >
    We received your request as a State System Admin on January 15, 2025
    <div>
       ‌​‍‎‏﻿ ‌​‍‎‏﻿ ‌​‍‎‏﻿ ‌​‍‎‏﻿ ‌​‍‎‏﻿ ‌​‍‎‏﻿ ‌​‍‎‏﻿ ‌​‍‎‏﻿ ‌​‍‎‏﻿ ‌​‍‎‏﻿ ‌​‍‎‏﻿ ‌​‍‎‏﻿ ‌​‍‎‏﻿ ‌​‍‎‏﻿ ‌​‍‎‏﻿ ‌​‍‎‏﻿ ‌​‍‎‏﻿ ‌​‍‎‏﻿ ‌​‍‎‏﻿ ‌​‍‎‏﻿ ‌​‍‎‏﻿ ‌​‍‎‏﻿ ‌​‍‎‏﻿ ‌​‍‎‏﻿ ‌​‍‎‏﻿ ‌​‍‎‏﻿ ‌​‍‎‏﻿ ‌​‍‎‏﻿ ‌​‍‎‏﻿ ‌​‍‎‏﻿ ‌​‍‎‏﻿ ‌​‍‎‏﻿ ‌​‍‎‏﻿ ‌​‍‎‏﻿ ‌​‍‎‏﻿ ‌​‍‎‏﻿ ‌​‍‎‏﻿ ‌​‍‎‏﻿ ‌​‍‎‏﻿ ‌​‍‎‏﻿ ‌​‍‎‏﻿ ‌​‍‎‏﻿ ‌​‍‎‏﻿ ‌​‍‎‏﻿ ‌​‍‎‏﻿ ‌​‍‎‏﻿ ‌​‍‎‏﻿ ‌​‍‎‏﻿ ‌​‍‎‏﻿ ‌​‍‎‏﻿ ‌​‍‎‏﻿ ‌​‍‎‏﻿ ‌​‍‎‏﻿ ‌​‍‎‏﻿ ‌​‍‎‏﻿ ‌​‍‎‏﻿ ‌​‍‎‏﻿ ‌​‍‎‏﻿ ‌​‍‎‏﻿ ‌​‍‎‏﻿ ‌​‍‎‏﻿ ‌​‍‎‏﻿ ‌​‍‎‏﻿ ‌​‍‎‏﻿ ‌​‍‎‏﻿ ‌​‍‎‏﻿ ‌​‍‎‏﻿ ‌​‍‎‏﻿ ‌​‍‎‏﻿ ‌​‍‎‏﻿ ‌​‍‎‏﻿ ‌​‍‎‏﻿ ‌​‍‎‏﻿ ‌​‍‎‏﻿ ‌​‍‎‏﻿ ‌​‍‎‏﻿ ‌​‍‎‏﻿ ‌​‍‎‏﻿ ‌​‍‎‏﻿ ‌​‍‎‏﻿ ‌​‍‎‏﻿ ‌​‍‎‏﻿
    </div>
  </div>
  <table
    align=center
    border=0
    cellpadding=0
    cellspacing=0
    role=presentation
    style=max-width: 37.5em; background-color: #F5F5F5;
    width=100%
  >
    <tbody>
      <tr
        style=width: 100%;
      >
        <td>
          <table
            align=center
            border=0
            cellpadding=0
            cellspacing=0
            role=presentation
            style=background-color: #0071BD; padding: 16px;
            width=100%
          >
            <tbody>
              <tr>
                <td>
                  <a
                    href=https://mako-dev.cms.gov/
                    style=color: #067DF7; text-decoration: none; display: block; max-width: 112px;
                    target=_blank
                  >
                    <img
                      alt=OneMAC Logo
                      height=40
                      src=https://mako-dev.cms.gov/onemac-logo.png
                      style=max-width: 112px;
                      width=112
                    />
                  </a>
                </td>
              </tr>
            </tbody>
          </table>
          <div
            style=margin: 0px 8px 8px 8px; padding: 8px;
          >
            <h1
              style=color: #333333; font-size: 20px; font-weight: bold; margin-bottom: 15px;
            />
            <p>
              Hello,
            </p>
            <p>
              We received your request as a State System Admin on January 15, 2025. Your request is pending review and you will receive a confirmation receipt when your status is reviewed.
            </p>
            <p
              style=font-size: 14px; line-height: 1.4; margin: 12px 0px; color: #333333;
            >
              Thank you.
            </p>
          </div>
          <table
            align=center
            border=0
            cellpadding=0
            cellspacing=0
            role=presentation
            style=font-size: 14px; padding: 0px 0px; font-weight: 300; background-color: #0071BD; color: #FFFFFF; text-align: center;
            width=100%
          >
            <tbody>
              <tr>
                <td>
                  <table
                    align=center
                    border=0
                    cellpadding=0
                    cellspacing=0
                    role=presentation
                    style=font-size: 14px; padding: 0px 0px; font-weight: 300; background-color: #0071BD; color: #FFFFFF; text-align: center;
                    width=100%
                  >
                    <tbody>
                      <tr>
                        <td>
                          <p
                            style=font-size: 14px; line-height: 24px; margin: 8px; color: #FFFFFF;
                          >
                            U.S. Centers for Medicare & Medicaid Services
                          </p>
                          <p
                            style=font-size: 14px; line-height: 24px; margin: 8px; color: #FFFFFF;
                          >
                            © 2025 | 7500 Security Boulevard, Baltimore, MD 21244
                          </p>
                        </td>
                      </tr>
                    </tbody>
                  </table>
                </td>
              </tr>
            </tbody>
          </table>
        </td>
      </tr>
    </tbody>
  </table>
</DocumentFragment>
`;
