// Vitest Snapshot v1, https://vitest.dev/guide/snapshot.html

exports[`Initial Submission Details CMS Email Snapshot Test > renders a CHIP SPA Preview Template 1`] = `
<DocumentFragment>
  <meta
    content="text/html; charset=UTF-8"
    http-equiv="Content-Type"
  />
  <meta
    name="x-apple-disable-message-reformatting"
  />
  <div
    data-skip-in-text="true"
    style="display: none; overflow: hidden; line-height: 1px; opacity: 0; max-height: 0; max-width: 0;"
  >
    CHIP Eligibility SPA CO-24-1234 Submitted
    <div>
       ‌​‍‎‏﻿ ‌​‍‎‏﻿ ‌​‍‎‏﻿ ‌​‍‎‏﻿ ‌​‍‎‏﻿ ‌​‍‎‏﻿ ‌​‍‎‏﻿ ‌​‍‎‏﻿ ‌​‍‎‏﻿ ‌​‍‎‏﻿ ‌​‍‎‏﻿ ‌​‍‎‏﻿ ‌​‍‎‏﻿ ‌​‍‎‏﻿ ‌​‍‎‏﻿ ‌​‍‎‏﻿ ‌​‍‎‏﻿ ‌​‍‎‏﻿ ‌​‍‎‏﻿ ‌​‍‎‏﻿ ‌​‍‎‏﻿ ‌​‍‎‏﻿ ‌​‍‎‏﻿ ‌​‍‎‏﻿ ‌​‍‎‏﻿ ‌​‍‎‏﻿ ‌​‍‎‏﻿ ‌​‍‎‏﻿ ‌​‍‎‏﻿ ‌​‍‎‏﻿ ‌​‍‎‏﻿ ‌​‍‎‏﻿ ‌​‍‎‏﻿ ‌​‍‎‏﻿ ‌​‍‎‏﻿ ‌​‍‎‏﻿ ‌​‍‎‏﻿ ‌​‍‎‏﻿ ‌​‍‎‏﻿ ‌​‍‎‏﻿ ‌​‍‎‏﻿ ‌​‍‎‏﻿ ‌​‍‎‏﻿ ‌​‍‎‏﻿ ‌​‍‎‏﻿ ‌​‍‎‏﻿ ‌​‍‎‏﻿ ‌​‍‎‏﻿ ‌​‍‎‏﻿ ‌​‍‎‏﻿ ‌​‍‎‏﻿ ‌​‍‎‏﻿ ‌​‍‎‏﻿ ‌​‍‎‏﻿ ‌​‍‎‏﻿ ‌​‍‎‏﻿ ‌​‍‎‏﻿ ‌​‍‎‏﻿ ‌​‍‎‏﻿ ‌​‍‎‏﻿ ‌​‍‎‏﻿ ‌​‍‎‏﻿ ‌​‍‎‏﻿ ‌​‍‎‏﻿ ‌​‍‎‏﻿ ‌​‍‎‏﻿ ‌​‍‎‏﻿ ‌​‍‎‏﻿ ‌​‍‎‏﻿ ‌​‍‎‏﻿ ‌​‍‎‏﻿ ‌​‍‎‏﻿ ‌​‍‎‏﻿ ‌​‍‎‏﻿ ‌​‍‎‏﻿ ‌​‍‎‏﻿ ‌​‍‎‏﻿ ‌​‍‎‏﻿ ‌​‍‎‏﻿ ‌​‍‎‏﻿ ‌​‍‎‏﻿ ‌​‍‎‏﻿ ‌​‍‎‏﻿ ‌​‍‎‏﻿ ‌​‍‎‏﻿ ‌​‍‎‏﻿ ‌​‍‎‏﻿ ‌​‍‎‏﻿ ‌​‍‎‏﻿ ‌​‍‎‏﻿ ‌​‍‎‏﻿ ‌​‍‎‏﻿ ‌​‍‎‏﻿ ‌​‍‎‏﻿ ‌​‍‎‏﻿ ‌​‍‎‏﻿ ‌​‍‎‏﻿ ‌​‍‎‏﻿ ‌​‍‎‏﻿ ‌​‍‎‏﻿ ‌​‍‎‏﻿ ‌​‍‎‏﻿ ‌​‍‎‏﻿ ‌​‍‎‏﻿ ‌​‍‎‏﻿ ‌​‍‎‏﻿ ‌​‍‎‏﻿ ‌​‍‎‏﻿ ‌​‍‎‏﻿
    </div>
  </div>
  <table
    align="center"
    border="0"
    cellpadding="0"
    cellspacing="0"
    role="presentation"
    width="100%"
  >
    <tbody>
      <tr>
        <td
          style="background-color: rgb(255, 255, 255); color: rgb(33, 33, 33); font-family: -apple-system, BlinkMacSystemFont, 'Segoe UI', 'Roboto', 'Oxygen', 'Ubuntu', 'Cantarell', 'Fira Sans', 'Droid Sans', 'Helvetica Neue', sans-serif; margin: 0px auto; padding: 20px 0px 48px;"
        >
          <table
            align="center"
            border="0"
            cellpadding="0"
            cellspacing="0"
            role="presentation"
            style="max-width: 37.5em; background-color: rgb(245, 245, 245);"
            width="100%"
          >
            <tbody>
              <tr
                style="width: 100%;"
              >
                <td>
                  <table
                    align="center"
                    border="0"
                    cellpadding="0"
                    cellspacing="0"
                    role="presentation"
                    style="background-color: rgb(0, 113, 189); padding: 16px;"
                    width="100%"
                  >
                    <tbody>
                      <tr>
                        <td>
                          <a
                            href="https://mako-dev.cms.gov/"
                            style="color: rgb(6, 125, 247); text-decoration-line: none; display: block; max-width: 112px;"
                            target="_blank"
                          >
                            <img
                              alt="OneMAC Logo"
                              height="40"
                              src="https://mako-dev.cms.gov/onemac-logo.png"
                              style="max-width: 112px;"
                              width="112"
                            />
                          </a>
                        </td>
                      </tr>
                    </tbody>
                  </table>
                  <div
                    style="margin: 0px 8px 8px 8px; padding: 8px;"
                  >
                    <h1
                      style="color: rgb(51, 51, 51); font-size: 20px; font-weight: bold; margin-bottom: 15px;"
                    >
                      The OneMAC Submission Portal received a CHIP Eligibility State Plan Amendment:
                    </h1>
                    <ul
                      style="margin-left: -20px;"
                    >
                      <li>
                        <p
                          style="font-size: 14px; line-height: 1.4; color: rgb(51, 51, 51); margin-bottom: 4px; margin-top: 4px;"
                        >
                          The submission can be accessed in the OneMAC application, which you can find at 
                          <a
                            href="https://mako-dev.cms.gov/"
                            style="color: rgb(6, 125, 247); text-decoration-line: none;"
                            target="_blank"
                          >
                            this link
                          </a>
                          .
                        </p>
                      </li>
                      <li>
                        <p
                          style="font-size: 14px; line-height: 1.4; color: rgb(51, 51, 51); margin-bottom: 4px; margin-top: 4px;"
                        >
                          If you are not already logged in, please click the "Login" link at the top of the page and log in using your Enterprise User Administration (EUA) credentials.
                        </p>
                      </li>
                      <li>
                        <p
                          style="font-size: 14px; line-height: 1.4; color: rgb(51, 51, 51); margin-bottom: 4px; margin-top: 4px;"
                        >
                          After you have logged in, you will be taken to the OneMAC application. The submission will be listed on the dashboard page, and you can view its details by clicking on its ID number.
                        </p>
                      </li>
                    </ul>
                    <table
                      align="center"
                      border="0"
                      cellpadding="0"
                      cellspacing="0"
                      role="presentation"
                      width="100%"
                    >
                      <tbody>
                        <tr>
                          <td>
                            <table
                              align="center"
                              border="0"
                              cellpadding="0"
                              cellspacing="0"
                              role="presentation"
                              width="100%"
                            >
                              <tbody
                                style="width: 100%;"
                              >
                                <tr
                                  style="width: 100%;"
                                >
                                  <td
                                    align="left"
                                    data-id="__react-email-column"
                                    style="width: 50%;"
                                  >
                                    <p
                                      style="font-size: 14px; line-height: 1.4; font-weight: 600; letter-spacing: -0.5px; margin-bottom: 4px; margin-top: 4px;"
                                    >
                                      State or Territory:
                                    </p>
                                  </td>
                                  <td
                                    data-id="__react-email-column"
                                  >
                                    <p
                                      style="font-size: 14px; line-height: 1.4; color: rgb(51, 51, 51); margin-bottom: 4px; margin-top: 4px;"
                                    >
                                      CO
                                    </p>
                                  </td>
                                </tr>
                              </tbody>
                            </table>
                            <table
                              align="center"
                              border="0"
                              cellpadding="0"
                              cellspacing="0"
                              role="presentation"
                              width="100%"
                            >
                              <tbody
                                style="width: 100%;"
                              >
                                <tr
                                  style="width: 100%;"
                                >
                                  <td
                                    align="left"
                                    data-id="__react-email-column"
                                    style="width: 50%;"
                                  >
                                    <p
                                      style="font-size: 14px; line-height: 1.4; font-weight: 600; letter-spacing: -0.5px; margin-bottom: 4px; margin-top: 4px;"
                                    >
                                      Name:
                                    </p>
                                  </td>
                                  <td
                                    data-id="__react-email-column"
                                  >
                                    <p
                                      style="font-size: 14px; line-height: 1.4; color: rgb(51, 51, 51); margin-bottom: 4px; margin-top: 4px;"
                                    >
                                      George Harrison
                                    </p>
                                  </td>
                                </tr>
                              </tbody>
                            </table>
                            <table
                              align="center"
                              border="0"
                              cellpadding="0"
                              cellspacing="0"
                              role="presentation"
                              width="100%"
                            >
                              <tbody
                                style="width: 100%;"
                              >
                                <tr
                                  style="width: 100%;"
                                >
                                  <td
                                    align="left"
                                    data-id="__react-email-column"
                                    style="width: 50%;"
                                  >
                                    <p
                                      style="font-size: 14px; line-height: 1.4; font-weight: 600; letter-spacing: -0.5px; margin-bottom: 4px; margin-top: 4px;"
                                    >
                                      Email Address:
                                    </p>
                                  </td>
                                  <td
                                    data-id="__react-email-column"
                                  >
                                    <p
                                      style="font-size: 14px; line-height: 1.4; color: rgb(51, 51, 51); margin-bottom: 4px; margin-top: 4px;"
                                    >
                                      george@example.com
                                    </p>
                                  </td>
                                </tr>
                              </tbody>
                            </table>
                            <table
                              align="center"
                              border="0"
                              cellpadding="0"
                              cellspacing="0"
                              role="presentation"
                              width="100%"
                            >
                              <tbody
                                style="width: 100%;"
                              >
                                <tr
                                  style="width: 100%;"
                                >
                                  <td
                                    align="left"
                                    data-id="__react-email-column"
                                    style="width: 50%;"
                                  >
                                    <p
                                      style="font-size: 14px; line-height: 1.4; font-weight: 600; letter-spacing: -0.5px; margin-bottom: 4px; margin-top: 4px;"
                                    >
                                      CHIP Eligibility SPA Package ID:
                                    </p>
                                  </td>
                                  <td
                                    data-id="__react-email-column"
                                  >
                                    <p
                                      style="font-size: 14px; line-height: 1.4; color: rgb(51, 51, 51); margin-bottom: 4px; margin-top: 4px;"
                                    >
                                      CO-24-1234
                                    </p>
                                  </td>
                                </tr>
                              </tbody>
                            </table>
                            <hr
                              style="width: 100%; border-top: 1px solid #0071BD; margin: 16px 0px;"
                            />
                            <p
                              style="font-size: 14px; line-height: 24px; margin: .5em .5em .5em .5em;"
                            />
                            <h2
                              style="font-size: 16px;"
                            >
                              Summary:
                            </h2>
                            <p />
                            <p
                              style="font-size: 14px; line-height: 1.4; color: rgb(51, 51, 51); margin: 12px 0px 12px 0px;"
                            >
                              This submission includes necessary documentation for requested updates to the state’s Medicaid plan, in alignment with CMS requirements.
                            </p>
                            <table
                              align="center"
                              border="0"
                              cellpadding="0"
                              cellspacing="0"
                              role="presentation"
                              width="100%"
                            >
                              <tbody
                                style="width: 100%;"
                              >
                                <tr
                                  style="width: 100%;"
                                />
                              </tbody>
                            </table>
                          </td>
                        </tr>
                      </tbody>
                    </table>
                    <hr
                      style="width: 100%; border-top: 1px solid #0071BD; margin: 16px 0px;"
                    />
                    <h2
                      style="font-size: 16px;"
                    >
                      Files:
                    </h2>
                    <table
                      align="center"
                      border="0"
                      cellpadding="0"
                      cellspacing="0"
                      role="presentation"
                      style="margin-bottom: 2px; margin-top: 2px;"
                      width="100%"
                    >
                      <tbody
                        style="width: 100%;"
                      >
                        <tr
                          style="width: 100%;"
                        >
                          <td
                            align="left"
                            data-id="__react-email-column"
                            style="width: 50%; vertical-align: top;"
                          >
                             
                            <span>
                              <p
                                style="font-size: 14px; line-height: 1.4; font-weight: 600; letter-spacing: -0.5px; margin-bottom: 4px; margin-top: 4px;"
                              >
                                Supporting Documentation:
                              </p>
                               
                            </span>
                          </td>
                          <td
                            data-id="__react-email-column"
                            style="vertical-align: top;"
                          >
                            <p
                              style="font-size: 14px; line-height: 1.4; color: rgb(51, 51, 51); margin-bottom: 4px; margin-top: 4px;"
                            >
                              <span>
                                chip_eligibility.pdf
                              </span>
                            </p>
                          </td>
                        </tr>
                      </tbody>
                    </table>
                    <table
                      align="center"
                      border="0"
                      cellpadding="0"
                      cellspacing="0"
                      role="presentation"
                      style="margin-bottom: 2px; margin-top: 2px;"
                      width="100%"
                    >
                      <tbody
                        style="width: 100%;"
                      >
                        <tr
                          style="width: 100%;"
                        >
                          <td
                            align="left"
                            data-id="__react-email-column"
                            style="width: 50%; vertical-align: top;"
                          >
                             
                            <span>
                              <p
                                style="font-size: 14px; line-height: 1.4; font-weight: 600; letter-spacing: -0.5px; margin-bottom: 4px; margin-top: 4px;"
                              >
                                CMS-179 Form:
                              </p>
                               
                            </span>
                          </td>
                          <td
                            data-id="__react-email-column"
                            style="vertical-align: top;"
                          >
                            <p
                              style="font-size: 14px; line-height: 1.4; color: rgb(51, 51, 51); margin-bottom: 4px; margin-top: 4px;"
                            >
                              <span>
                                state-plan-2024.pdf
                              </span>
                            </p>
                          </td>
                        </tr>
                      </tbody>
                    </table>
                    <table
                      align="center"
                      border="0"
                      cellpadding="0"
                      cellspacing="0"
                      role="presentation"
                      style="margin-bottom: 2px; margin-top: 2px;"
                      width="100%"
                    >
                      <tbody
                        style="width: 100%;"
                      >
                        <tr
                          style="width: 100%;"
                        >
                          <td
                            align="left"
                            data-id="__react-email-column"
                            style="width: 50%; vertical-align: top;"
                          >
                             
                            <span>
                              <p
                                style="font-size: 14px; line-height: 1.4; font-weight: 600; letter-spacing: -0.5px; margin-bottom: 4px; margin-top: 4px;"
                              >
                                CMS-179 Form:
                              </p>
                               
                            </span>
                          </td>
                          <td
                            data-id="__react-email-column"
                            style="vertical-align: top;"
                          >
                            <p
                              style="font-size: 14px; line-height: 1.4; color: rgb(51, 51, 51); margin-bottom: 4px; margin-top: 4px;"
                            >
                              <span>
                                state-plan-summary.pdf
                              </span>
                            </p>
                          </td>
                        </tr>
                      </tbody>
                    </table>
                    <table
                      align="center"
                      border="0"
                      cellpadding="0"
                      cellspacing="0"
                      role="presentation"
                      style="margin-bottom: 2px; margin-top: 2px;"
                      width="100%"
                    >
                      <tbody
                        style="width: 100%;"
                      >
                        <tr
                          style="width: 100%;"
                        >
                          <td
                            align="left"
                            data-id="__react-email-column"
                            style="width: 50%; vertical-align: top;"
                          >
                             
                            <span>
                              <p
                                style="font-size: 14px; line-height: 1.4; font-weight: 600; letter-spacing: -0.5px; margin-bottom: 4px; margin-top: 4px;"
                              >
                                CMS-179 Form:
                              </p>
                               
                            </span>
                          </td>
                          <td
                            data-id="__react-email-column"
                            style="vertical-align: top;"
                          >
                            <p
                              style="font-size: 14px; line-height: 1.4; color: rgb(51, 51, 51); margin-bottom: 4px; margin-top: 4px;"
                            >
                              <span>
                                state-plan-financials.pdf
                              </span>
                            </p>
                          </td>
                        </tr>
                      </tbody>
                    </table>
                    <table
                      align="center"
                      border="0"
                      cellpadding="0"
                      cellspacing="0"
                      role="presentation"
                      style="margin-bottom: 2px; margin-top: 2px;"
                      width="100%"
                    >
                      <tbody
                        style="width: 100%;"
                      >
                        <tr
                          style="width: 100%;"
                        >
                          <td
                            align="left"
                            data-id="__react-email-column"
                            style="width: 50%; vertical-align: top;"
                          >
                             
                            <span>
                              <p
                                style="font-size: 14px; line-height: 1.4; font-weight: 600; letter-spacing: -0.5px; margin-bottom: 4px; margin-top: 4px;"
                              >
                                SPA Pages:
                              </p>
                               
                            </span>
                          </td>
                          <td
                            data-id="__react-email-column"
                            style="vertical-align: top;"
                          >
                            <p
                              style="font-size: 14px; line-height: 1.4; color: rgb(51, 51, 51); margin-bottom: 4px; margin-top: 4px;"
                            >
                              <span>
                                amended-language-1.pdf
                              </span>
                            </p>
                          </td>
                        </tr>
                      </tbody>
                    </table>
                    <table
                      align="center"
                      border="0"
                      cellpadding="0"
                      cellspacing="0"
                      role="presentation"
                      style="margin-bottom: 2px; margin-top: 2px;"
                      width="100%"
                    >
                      <tbody
                        style="width: 100%;"
                      >
                        <tr
                          style="width: 100%;"
                        >
                          <td
                            align="left"
                            data-id="__react-email-column"
                            style="width: 50%; vertical-align: top;"
                          >
                             
                            <span>
                              <p
                                style="font-size: 14px; line-height: 1.4; font-weight: 600; letter-spacing: -0.5px; margin-bottom: 4px; margin-top: 4px;"
                              >
                                SPA Pages:
                              </p>
                               
                            </span>
                          </td>
                          <td
                            data-id="__react-email-column"
                            style="vertical-align: top;"
                          >
                            <p
                              style="font-size: 14px; line-height: 1.4; color: rgb(51, 51, 51); margin-bottom: 4px; margin-top: 4px;"
                            >
                              <span>
                                amended-language-2.pdf
                              </span>
                            </p>
                          </td>
                        </tr>
                      </tbody>
                    </table>
                    <table
                      align="center"
                      border="0"
                      cellpadding="0"
                      cellspacing="0"
                      role="presentation"
                      style="margin-bottom: 2px; margin-top: 2px;"
                      width="100%"
                    >
                      <tbody
                        style="width: 100%;"
                      >
                        <tr
                          style="width: 100%;"
                        >
                          <td
                            align="left"
                            data-id="__react-email-column"
                            style="width: 50%; vertical-align: top;"
                          >
                             
                            <span>
                              <p
                                style="font-size: 14px; line-height: 1.4; font-weight: 600; letter-spacing: -0.5px; margin-bottom: 4px; margin-top: 4px;"
                              >
                                Cover Letter:
                              </p>
                               
                            </span>
                          </td>
                          <td
                            data-id="__react-email-column"
                            style="vertical-align: top;"
                          >
                            <p
                              style="font-size: 14px; line-height: 1.4; color: rgb(51, 51, 51); margin-bottom: 4px; margin-top: 4px;"
                            >
                              <span>
                                cover-letter-george-harrison.pdf
                              </span>
                            </p>
                          </td>
                        </tr>
                      </tbody>
                    </table>
                    <table
                      align="center"
                      border="0"
                      cellpadding="0"
                      cellspacing="0"
                      role="presentation"
                      style="margin-bottom: 2px; margin-top: 2px;"
                      width="100%"
                    >
                      <tbody
                        style="width: 100%;"
                      >
                        <tr
                          style="width: 100%;"
                        >
                          <td
                            align="left"
                            data-id="__react-email-column"
                            style="width: 50%; vertical-align: top;"
                          >
                             
                            <span>
                              <p
                                style="font-size: 14px; line-height: 1.4; font-weight: 600; letter-spacing: -0.5px; margin-bottom: 4px; margin-top: 4px;"
                              >
                                Budget Documents:
                              </p>
                               
                            </span>
                          </td>
                          <td
                            data-id="__react-email-column"
                            style="vertical-align: top;"
                          >
                            <p
                              style="font-size: 14px; line-height: 1.4; color: rgb(51, 51, 51); margin-bottom: 4px; margin-top: 4px;"
                            >
                              <span>
                                fy2024-budget.xlsx
                              </span>
                            </p>
                          </td>
                        </tr>
                      </tbody>
                    </table>
                    <table
                      align="center"
                      border="0"
                      cellpadding="0"
                      cellspacing="0"
                      role="presentation"
                      style="margin-bottom: 2px; margin-top: 2px;"
                      width="100%"
                    >
                      <tbody
                        style="width: 100%;"
                      >
                        <tr
                          style="width: 100%;"
                        >
                          <td
                            align="left"
                            data-id="__react-email-column"
                            style="width: 50%; vertical-align: top;"
                          >
                             
                            <span>
                              <p
                                style="font-size: 14px; line-height: 1.4; font-weight: 600; letter-spacing: -0.5px; margin-bottom: 4px; margin-top: 4px;"
                              >
                                Public Notice:
                              </p>
                               
                            </span>
                          </td>
                          <td
                            data-id="__react-email-column"
                            style="vertical-align: top;"
                          >
                            <p
                              style="font-size: 14px; line-height: 1.4; color: rgb(51, 51, 51); margin-bottom: 4px; margin-top: 4px;"
                            >
                              <span>
                                public-notice-oct-2024.pdf
                              </span>
                            </p>
                          </td>
                        </tr>
                      </tbody>
                    </table>
                    <table
                      align="center"
                      border="0"
                      cellpadding="0"
                      cellspacing="0"
                      role="presentation"
                      style="margin-bottom: 2px; margin-top: 2px;"
                      width="100%"
                    >
                      <tbody
                        style="width: 100%;"
                      >
                        <tr
                          style="width: 100%;"
                        >
                          <td
                            align="left"
                            data-id="__react-email-column"
                            style="width: 50%; vertical-align: top;"
                          >
                             
                            <span>
                              <p
                                style="font-size: 14px; line-height: 1.4; font-weight: 600; letter-spacing: -0.5px; margin-bottom: 4px; margin-top: 4px;"
                              >
                                Public Notice:
                              </p>
                               
                            </span>
                          </td>
                          <td
                            data-id="__react-email-column"
                            style="vertical-align: top;"
                          >
                            <p
                              style="font-size: 14px; line-height: 1.4; color: rgb(51, 51, 51); margin-bottom: 4px; margin-top: 4px;"
                            >
                              <span>
                                public-notice-sept-2024.pdf
                              </span>
                            </p>
                          </td>
                        </tr>
                      </tbody>
                    </table>
                    <table
                      align="center"
                      border="0"
                      cellpadding="0"
                      cellspacing="0"
                      role="presentation"
                      style="margin-bottom: 2px; margin-top: 2px;"
                      width="100%"
                    >
                      <tbody
                        style="width: 100%;"
                      >
                        <tr
                          style="width: 100%;"
                        >
                          <td
                            align="left"
                            data-id="__react-email-column"
                            style="width: 50%; vertical-align: top;"
                          >
                             
                            <span>
                              <p
                                style="font-size: 14px; line-height: 1.4; font-weight: 600; letter-spacing: -0.5px; margin-bottom: 4px; margin-top: 4px;"
                              >
                                Public Notice:
                              </p>
                               
                            </span>
                          </td>
                          <td
                            data-id="__react-email-column"
                            style="vertical-align: top;"
                          >
                            <p
                              style="font-size: 14px; line-height: 1.4; color: rgb(51, 51, 51); margin-bottom: 4px; margin-top: 4px;"
                            >
                              <span>
                                public-notice-nov-2024.pdf
                              </span>
                            </p>
                          </td>
                        </tr>
                      </tbody>
                    </table>
                    <table
                      align="center"
                      border="0"
                      cellpadding="0"
                      cellspacing="0"
                      role="presentation"
                      style="margin-bottom: 2px; margin-top: 2px;"
                      width="100%"
                    >
                      <tbody
                        style="width: 100%;"
                      >
                        <tr
                          style="width: 100%;"
                        >
                          <td
                            align="left"
                            data-id="__react-email-column"
                            style="width: 50%; vertical-align: top;"
                          >
                             
                            <span>
                              <p
                                style="font-size: 14px; line-height: 1.4; font-weight: 600; letter-spacing: -0.5px; margin-bottom: 4px; margin-top: 4px;"
                              >
                                Tribal Consultation:
                              </p>
                               
                            </span>
                          </td>
                          <td
                            data-id="__react-email-column"
                            style="vertical-align: top;"
                          >
                            <p
                              style="font-size: 14px; line-height: 1.4; color: rgb(51, 51, 51); margin-bottom: 4px; margin-top: 4px;"
                            >
                              <span>
                                tribal-consultation-sept-2024.pdf
                              </span>
                            </p>
                          </td>
                        </tr>
                      </tbody>
                    </table>
                    <table
                      align="center"
                      border="0"
                      cellpadding="0"
                      cellspacing="0"
                      role="presentation"
                      style="margin-bottom: 2px; margin-top: 2px;"
                      width="100%"
                    >
                      <tbody
                        style="width: 100%;"
                      >
                        <tr
                          style="width: 100%;"
                        >
                          <td
                            align="left"
                            data-id="__react-email-column"
                            style="width: 50%; vertical-align: top;"
                          >
                             
                            <span>
                              <p
                                style="font-size: 14px; line-height: 1.4; font-weight: 600; letter-spacing: -0.5px; margin-bottom: 4px; margin-top: 4px;"
                              >
                                Other:
                              </p>
                               
                            </span>
                          </td>
                          <td
                            data-id="__react-email-column"
                            style="vertical-align: top;"
                          >
                            <p
                              style="font-size: 14px; line-height: 1.4; color: rgb(51, 51, 51); margin-bottom: 4px; margin-top: 4px;"
                            >
                              <span>
                                misc-documents.pdf
                              </span>
                            </p>
                          </td>
                        </tr>
                      </tbody>
                    </table>
                    <p
                      style="font-size: 14px; line-height: 1.4; color: rgb(51, 51, 51); margin: 12px 0px 12px 0px;"
                    >
                      Thank you.
                    </p>
                  </div>
                  <table
                    align="center"
                    border="0"
                    cellpadding="0"
                    cellspacing="0"
                    role="presentation"
                    style="font-size: 14px; padding: 0px 0px; font-weight: 300; background-color: rgb(0, 113, 189); color: rgb(255, 255, 255); text-align: center;"
                    width="100%"
                  >
                    <tbody>
                      <tr>
                        <td>
                          <table
                            align="center"
                            border="0"
                            cellpadding="0"
                            cellspacing="0"
                            role="presentation"
                            style="font-size: 14px; padding: 0px 0px; font-weight: 300; background-color: rgb(0, 113, 189); color: rgb(255, 255, 255); text-align: center;"
                            width="100%"
                          >
                            <tbody>
                              <tr>
                                <td>
                                  <p
                                    style="font-size: 14px; line-height: 24px; color: rgb(255, 255, 255); margin: 8px 8px 8px 8px;"
                                  >
                                    U.S. Centers for Medicare & Medicaid Services
                                  </p>
                                  <p
                                    style="font-size: 14px; line-height: 24px; color: rgb(255, 255, 255); margin: 8px 8px 8px 8px;"
                                  >
                                    © 2023 | 7500 Security Boulevard, Baltimore, MD 21244
                                  </p>
                                </td>
                              </tr>
                            </tbody>
                          </table>
                        </td>
                      </tr>
                    </tbody>
                  </table>
                </td>
              </tr>
            </tbody>
          </table>
        </td>
      </tr>
    </tbody>
  </table>
</DocumentFragment>
`;
